// Jest Snapshot v1, https://goo.gl/fbAQLP

exports[`transformer Transforms CSS 1`] = `
"\\"use strict\\";

Object.defineProperty(exports, \\"__esModule\\", {
  value: true
});
exports[\\"default\\"] = void 0;
var styles = new String(\\".headline.jsx-723301647{color:red;}.text.jsx-723301647{text-align:center;}\\");
styles.__hash = \\"723301647\\";
var _default = styles;
exports[\\"default\\"] = _default;"
`;
